cd ~/home/Website #if you haven't already
bash: cd: /stor/home/apa636/home/Website: No such file or directory
]0;/stor/home/apa636/Website]0;apa636@educcomp01: ~/Website[01;32mapa636@educcomp01[00m:[01;34m~/Website[00m$ 
]0;/stor/home/apa636/Website]0;apa636@educcomp01: ~/Website[01;32mapa636@educcomp01[00m:[01;34m~/Website[00m$ 
]0;/stor/home/apa636/Website]0;apa636@educcomp01: ~/Website[01;32mapa636@educcomp01[00m:[01;34m~/Website[00m$ 
]0;/stor/home/apa636/Website]0;apa636@educcomp01: ~/Website[01;32mapa636@educcomp01[00m:[01;34m~/Website[00m$ git init #initialize local git respository
Reinitialized existing Git repository in /stor/home/apa636/Website/.git/
]0;/stor/home/apa636/Website]0;apa636@educcomp01: ~/Website[01;32mapa636@educcomp01[00m:[01;34m~/Website[00m$ 
]0;/stor/home/apa636/Website]0;apa636@educcomp01: ~/Website[01;32mapa636@educcomp01[00m:[01;34m~/Website[00m$ git add . #add all files in repository to be uploaded
]0;/stor/home/apa636/Website]0;apa636@educcomp01: ~/Website[01;32mapa636@educcomp01[00m:[01;34m~/Website[00m$ 
]0;/stor/home/apa636/Website]0;apa636@educcomp01: ~/Website[01;32mapa636@educcomp01[00m:[01;34m~/Website[00m$ git commit -m "first website commit"
[master 9b4f90e] first website commit
 Committer: Austin Alvarez <apa636@educcomp01.ccbb.utexas.edu>
Your name and email address were configured automatically based
on your username and hostname. Please check that they are accurate.
You can suppress this message by setting them explicitly. Run the
following command and follow the instructions in your editor to edit
your configuration file:

    git config --global --edit

After doing this, you may fix the identity used for this commit with:

    git commit --amend --reset-author

 2 files changed, 12 insertions(+), 199 deletions(-)
 rewrite .Rproj.user/B08CC792/console06/B76B5EB7 (91%)
]0;/stor/home/apa636/Website]0;apa636@educcomp01: ~/Website[01;32mapa636@educcomp01[00m:[01;34m~/Website[00m$ 
]0;/stor/home/apa636/Website]0;apa636@educcomp01: ~/Website[01;32mapa636@educcomp01[00m:[01;34m~/Website[00m$ git remote add origin https://github.com/AustinAlvarez12/Website.ggit #re
fatal: remote origin already exists.
]0;/stor/home/apa636/Website]0;apa636@educcomp01: ~/Website[01;32mapa636@educcomp01[00m:[01;34m~/Website[00m$ 
]0;/stor/home/apa636/Website]0;apa636@educcomp01: ~/Website[01;32mapa636@educcomp01[00m:[01;34m~/Website[00m$ git push origin master
Username for 'https://github.com': Password for 'https://github.com': 
]0;/stor/home/apa636/Website]0;apa636@educcomp01: ~/Website[01;32mapa636@educcomp01[00m:[01;34m~/Website[00m$ cd ~/Website #if you haven't already
ush origin master

]0;/stor/home/apa636/Website]0;apa636@educcomp01: ~/Website[01;32mapa636@educcomp01[00m:[01;34m~/Website[00m$ 
]0;/stor/home/apa636/Website]0;apa636@educcomp01: ~/Website[01;32mapa636@educcomp01[00m:[01;34m~/Website[00m$ 
]0;/stor/home/apa636/Website]0;apa636@educcomp01: ~/Website[01;32mapa636@educcomp01[00m:[01;34m~/Website[00m$ 
]0;/stor/home/apa636/Website]0;apa636@educcomp01: ~/Website[01;32mapa636@educcomp01[00m:[01;34m~/Website[00m$ git init #initialize local git respository
Reinitialized existing Git repository in /stor/home/apa636/Website/.git/
]0;/stor/home/apa636/Website]0;apa636@educcomp01: ~/Website[01;32mapa636@educcomp01[00m:[01;34m~/Website[00m$ 
]0;/stor/home/apa636/Website]0;apa636@educcomp01: ~/Website[01;32mapa636@educcomp01[00m:[01;34m~/Website[00m$ git add . #add all files in repository to be uploaded
]0;/stor/home/apa636/Website]0;apa636@educcomp01: ~/Website[01;32mapa636@educcomp01[00m:[01;34m~/Website[00m$ 
]0;/stor/home/apa636/Website]0;apa636@educcomp01: ~/Website[01;32mapa636@educcomp01[00m:[01;34m~/Website[00m$ git commit -m "first website commit"
[master c3ba332] first website commit
 Committer: Austin Alvarez <apa636@educcomp01.ccbb.utexas.edu>
Your name and email address were configured automatically based
on your username and hostname. Please check that they are accurate.
You can suppress this message by setting them explicitly. Run the
following command and follow the instructions in your editor to edit
your configuration file:

    git config --global --edit

After doing this, you may fix the identity used for this commit with:

    git commit --amend --reset-author

 1 file changed, 37 insertions(+), 1 deletion(-)
]0;/stor/home/apa636/Website]0;apa636@educcomp01: ~/Website[01;32mapa636@educcomp01[00m:[01;34m~/Website[00m$ 
]0;/stor/home/apa636/Website]0;apa636@educcomp01: ~/Website[01;32mapa636@educcomp01[00m:[01;34m~/Website[00m$ git remote add origin https://github.com/AustinAlvarez12/Website.ggit #re
fatal: remote origin already exists.
]0;/stor/home/apa636/Website]0;apa636@educcomp01: ~/Website[01;32mapa636@educcomp01[00m:[01;34m~/Website[00m$ 
]0;/stor/home/apa636/Website]0;apa636@educcomp01: ~/Website[01;32mapa636@educcomp01[00m:[01;34m~/Website[00m$ git push origin master
Username for 'https://github.com': Password for 'https://github.com': 
remote: No anonymous write access.
fatal: Authentication failed for 'https://github.com/AustinAlvarez12/Website.git/'
]0;/stor/home/apa636/Website]0;apa636@educcomp01: ~/Website[01;32mapa636@educcomp01[00m:[01;34m~/Website[00m$ git commit -m "initial commit"
On branch master
Changes not staged for commit:
	[31mmodified:   .Rproj.user/B08CC792/console06/B76B5EB7[m

no changes added to commit
]0;/stor/home/apa636/Website]0;apa636@educcomp01: ~/Website[01;32mapa636@educcomp01[00m:[01;34m~/Website[00m$ git push origin master
Username for 'https://github.com': AustinAlvarez12
Password for 'https://AustinAlvarez12@github.com': 
Counting objects: 199, done.
Delta compression using up to 16 threads.
Compressing objects:   0% (1/176)   Compressing objects:   1% (2/176)   Compressing objects:   2% (4/176)   Compressing objects:   3% (6/176)   Compressing objects:   4% (8/176)   Compressing objects:   5% (9/176)   Compressing objects:   6% (11/176)   Compressing objects:   7% (13/176)   Compressing objects:   8% (15/176)   Compressing objects:   9% (16/176)   Compressing objects:  10% (18/176)   Compressing objects:  11% (20/176)   Compressing objects:  12% (22/176)   Compressing objects:  13% (23/176)   Compressing objects:  14% (25/176)   Compressing objects:  15% (27/176)   Compressing objects:  16% (29/176)   Compressing objects:  17% (30/176)   Compressing objects:  18% (32/176)   Compressing objects:  19% (34/176)   Compressing objects:  20% (36/176)   Compressing objects:  21% (37/176)   Compressing objects:  22% (39/176)   Compressing objects:  23% (41/176)   Compressing objects:  24% (43/176)   Compressing objects:  25% (44/176)   Compressing objects:  26% (46/176)   Compressing objects:  27% (48/176)   Compressing objects:  28% (50/176)   Compressing objects:  29% (52/176)   Compressing objects:  30% (53/176)   Compressing objects:  31% (55/176)   Compressing objects:  32% (57/176)   Compressing objects:  33% (59/176)   Compressing objects:  34% (60/176)   Compressing objects:  35% (62/176)   Compressing objects:  36% (64/176)   Compressing objects:  37% (66/176)   Compressing objects:  38% (67/176)   Compressing objects:  39% (69/176)   Compressing objects:  40% (71/176)   Compressing objects:  41% (73/176)   Compressing objects:  42% (74/176)   Compressing objects:  43% (76/176)   Compressing objects:  44% (78/176)   Compressing objects:  45% (80/176)   Compressing objects:  46% (81/176)   Compressing objects:  47% (83/176)   Compressing objects:  48% (85/176)   Compressing objects:  49% (87/176)   Compressing objects:  50% (88/176)   Compressing objects:  51% (90/176)   Compressing objects:  52% (92/176)   Compressing objects:  53% (94/176)   Compressing objects:  54% (96/176)   Compressing objects:  55% (97/176)   Compressing objects:  56% (99/176)   Compressing objects:  57% (101/176)   Compressing objects:  58% (103/176)   Compressing objects:  59% (104/176)   Compressing objects:  60% (106/176)   Compressing objects:  61% (108/176)   Compressing objects:  62% (110/176)   Compressing objects:  63% (111/176)   Compressing objects:  64% (113/176)   Compressing objects:  65% (115/176)   Compressing objects:  66% (117/176)   Compressing objects:  67% (118/176)   Compressing objects:  68% (120/176)   Compressing objects:  69% (122/176)   Compressing objects:  70% (124/176)   Compressing objects:  71% (125/176)   Compressing objects:  72% (127/176)   Compressing objects:  73% (129/176)   Compressing objects:  74% (131/176)   Compressing objects:  75% (132/176)   Compressing objects:  76% (134/176)   Compressing objects:  77% (136/176)   Compressing objects:  78% (138/176)   Compressing objects:  79% (140/176)   Compressing objects:  80% (141/176)   Compressing objects:  81% (143/176)   Compressing objects:  82% (145/176)   Compressing objects:  83% (147/176)   Compressing objects:  84% (148/176)   Compressing objects:  85% (150/176)   Compressing objects:  86% (152/176)   Compressing objects:  87% (154/176)   Compressing objects:  88% (155/176)   Compressing objects:  89% (157/176)   Compressing objects:  90% (159/176)   Compressing objects:  91% (161/176)   Compressing objects:  92% (162/176)   Compressing objects:  93% (164/176)   Compressing objects:  94% (166/176)   Compressing objects:  95% (168/176)   Compressing objects:  96% (169/176)   Compressing objects:  97% (171/176)   Compressing objects:  98% (173/176)   Compressing objects:  99% (175/176)   Compressing objects: 100% (176/176)   Compressing objects: 100% (176/176), done.
Writing objects:   0% (1/199)   Writing objects:   1% (2/199)   Writing objects:   2% (4/199)   Writing objects:   3% (6/199)   Writing objects:   4% (8/199)   Writing objects:   5% (10/199)   Writing objects:   6% (12/199)   Writing objects:   7% (14/199)   Writing objects:   8% (16/199)   Writing objects:   9% (18/199)   Writing objects:  10% (20/199)   Writing objects:  11% (22/199)   Writing objects:  12% (24/199)   Writing objects:  13% (26/199)   Writing objects:  14% (29/199)   Writing objects:  15% (30/199)   Writing objects:  16% (32/199)   Writing objects:  17% (34/199)   Writing objects:  18% (36/199)   Writing objects:  19% (38/199)   Writing objects:  20% (40/199)   Writing objects:  21% (42/199)   Writing objects:  22% (44/199)   Writing objects:  23% (46/199)   Writing objects:  24% (48/199)   Writing objects:  25% (50/199)   Writing objects:  26% (52/199)   Writing objects:  27% (54/199)   Writing objects:  28% (56/199)   Writing objects:  29% (58/199)   Writing objects:  30% (60/199)   Writing objects:  31% (62/199)   Writing objects:  32% (64/199)   Writing objects:  33% (66/199)   Writing objects:  34% (68/199)   Writing objects:  35% (70/199)   Writing objects:  36% (72/199)   Writing objects:  37% (74/199)   Writing objects:  38% (76/199)   Writing objects:  39% (78/199)   Writing objects:  40% (80/199)   Writing objects:  41% (82/199)   Writing objects:  42% (84/199)   Writing objects:  43% (86/199)   Writing objects:  44% (88/199)   Writing objects:  45% (91/199)   Writing objects:  46% (92/199)   Writing objects:  47% (94/199)   Writing objects:  48% (96/199)   Writing objects:  49% (98/199)   Writing objects:  50% (100/199)   Writing objects:  51% (102/199)   Writing objects:  52% (104/199)   Writing objects:  53% (106/199)   Writing objects:  54% (108/199)   Writing objects:  55% (110/199)   Writing objects:  56% (112/199)   Writing objects:  57% (114/199)   Writing objects:  58% (116/199)   Writing objects:  59% (118/199)   Writing objects:  60% (120/199)   Writing objects:  61% (122/199)   Writing objects:  62% (124/199)   Writing objects:  63% (126/199)   Writing objects:  64% (128/199)   Writing objects:  65% (130/199)   Writing objects:  66% (132/199)   Writing objects:  67% (134/199)   Writing objects:  68% (136/199)   Writing objects:  69% (138/199)   Writing objects:  70% (140/199)   Writing objects:  71% (142/199)   Writing objects:  72% (144/199)   Writing objects:  73% (146/199)   Writing objects:  74% (148/199)   Writing objects:  75% (150/199)   Writing objects:  76% (152/199)   Writing objects:  77% (154/199)   Writing objects:  78% (156/199)   Writing objects:  79% (158/199)   Writing objects:  80% (160/199)   Writing objects:  81% (162/199)   Writing objects:  82% (164/199)   Writing objects:  83% (166/199)   Writing objects:  84% (168/199)   Writing objects:  85% (170/199), 1.65 MiB | 3.25 MiB/s   Writing objects:  86% (172/199), 1.65 MiB | 3.25 MiB/s   Writing objects:  87% (174/199), 1.65 MiB | 3.25 MiB/s   Writing objects:  88% (176/199), 1.65 MiB | 3.25 MiB/s   Writing objects:  89% (178/199), 1.65 MiB | 3.25 MiB/s   Writing objects:  90% (180/199), 1.65 MiB | 3.25 MiB/s   Writing objects:  91% (182/199), 1.65 MiB | 3.25 MiB/s   Writing objects:  92% (184/199), 1.65 MiB | 3.25 MiB/s   Writing objects:  93% (186/199), 1.65 MiB | 3.25 MiB/s   Writing objects:  94% (188/199), 1.65 MiB | 3.25 MiB/s   Writing objects:  95% (190/199), 1.65 MiB | 3.25 MiB/s   Writing objects:  96% (192/199), 1.65 MiB | 3.25 MiB/s   Writing objects:  97% (194/199), 1.65 MiB | 3.25 MiB/s   Writing objects:  98% (196/199), 1.65 MiB | 3.25 MiB/s   Writing objects:  99% (198/199), 1.65 MiB | 3.25 MiB/s   Writing objects: 100% (199/199), 1.65 MiB | 3.25 MiB/s   Writing objects: 100% (199/199), 1.76 MiB | 3.41 MiB/s, done.
Total 199 (delta 48), reused 0 (delta 0)
remote: Resolving deltas:   0% (0/48)[Kremote: Resolving deltas:   2% (1/48)[Kremote: Resolving deltas:   8% (4/48)[Kremote: Resolving deltas:  14% (7/48)[Kremote: Resolving deltas:  16% (8/48)[Kremote: Resolving deltas:  20% (10/48)[Kremote: Resolving deltas:  25% (12/48)[Kremote: Resolving deltas:  27% (13/48)[Kremote: Resolving deltas:  29% (14/48)[Kremote: Resolving deltas:  31% (15/48)[Kremote: Resolving deltas:  33% (16/48)[Kremote: Resolving deltas:  58% (28/48)[Kremote: Resolving deltas:  70% (34/48)[Kremote: Resolving deltas:  85% (41/48)[Kremote: Resolving deltas:  87% (42/48)[Kremote: Resolving deltas:  91% (44/48)[Kremote: Resolving deltas: 100% (48/48)[Kremote: Resolving deltas: 100% (48/48), done.[K
To https://github.com/AustinAlvarez12/Website.git
 * [new branch]      master -> master
]0;/stor/home/apa636/Website]0;apa636@educcomp01: ~/Website[01;32mapa636@educcomp01[00m:[01;34m~/Website[00m$ 