cd ~/home/Website #if you haven't already
bash: cd: /stor/home/apa636/home/Website: No such file or directory
]0;/stor/home/apa636/Website]0;apa636@educcomp01: ~/Website[01;32mapa636@educcomp01[00m:[01;34m~/Website[00m$ 
]0;/stor/home/apa636/Website]0;apa636@educcomp01: ~/Website[01;32mapa636@educcomp01[00m:[01;34m~/Website[00m$ 
]0;/stor/home/apa636/Website]0;apa636@educcomp01: ~/Website[01;32mapa636@educcomp01[00m:[01;34m~/Website[00m$ 
]0;/stor/home/apa636/Website]0;apa636@educcomp01: ~/Website[01;32mapa636@educcomp01[00m:[01;34m~/Website[00m$ git init #initialize local git respository
Reinitialized existing Git repository in /stor/home/apa636/Website/.git/
]0;/stor/home/apa636/Website]0;apa636@educcomp01: ~/Website[01;32mapa636@educcomp01[00m:[01;34m~/Website[00m$ 
]0;/stor/home/apa636/Website]0;apa636@educcomp01: ~/Website[01;32mapa636@educcomp01[00m:[01;34m~/Website[00m$ git add . #add all files in repository to be uploaded
]0;/stor/home/apa636/Website]0;apa636@educcomp01: ~/Website[01;32mapa636@educcomp01[00m:[01;34m~/Website[00m$ 
]0;/stor/home/apa636/Website]0;apa636@educcomp01: ~/Website[01;32mapa636@educcomp01[00m:[01;34m~/Website[00m$ git commit -m "first website commit"
[master 9b4f90e] first website commit
 Committer: Austin Alvarez <apa636@educcomp01.ccbb.utexas.edu>
Your name and email address were configured automatically based
on your username and hostname. Please check that they are accurate.
You can suppress this message by setting them explicitly. Run the
following command and follow the instructions in your editor to edit
your configuration file:

    git config --global --edit

After doing this, you may fix the identity used for this commit with:

    git commit --amend --reset-author

 2 files changed, 12 insertions(+), 199 deletions(-)
 rewrite .Rproj.user/B08CC792/console06/B76B5EB7 (91%)
]0;/stor/home/apa636/Website]0;apa636@educcomp01: ~/Website[01;32mapa636@educcomp01[00m:[01;34m~/Website[00m$ 
]0;/stor/home/apa636/Website]0;apa636@educcomp01: ~/Website[01;32mapa636@educcomp01[00m:[01;34m~/Website[00m$ git remote add origin https://github.com/AustinAlvarez12/Website.ggit #re
fatal: remote origin already exists.
]0;/stor/home/apa636/Website]0;apa636@educcomp01: ~/Website[01;32mapa636@educcomp01[00m:[01;34m~/Website[00m$ 
]0;/stor/home/apa636/Website]0;apa636@educcomp01: ~/Website[01;32mapa636@educcomp01[00m:[01;34m~/Website[00m$ git push origin master
Username for 'https://github.com': Password for 'https://github.com': 
]0;/stor/home/apa636/Website]0;apa636@educcomp01: ~/Website[01;32mapa636@educcomp01[00m:[01;34m~/Website[00m$ cd ~/Website #if you haven't already
ush origin master

]0;/stor/home/apa636/Website]0;apa636@educcomp01: ~/Website[01;32mapa636@educcomp01[00m:[01;34m~/Website[00m$ 
]0;/stor/home/apa636/Website]0;apa636@educcomp01: ~/Website[01;32mapa636@educcomp01[00m:[01;34m~/Website[00m$ 
]0;/stor/home/apa636/Website]0;apa636@educcomp01: ~/Website[01;32mapa636@educcomp01[00m:[01;34m~/Website[00m$ 
]0;/stor/home/apa636/Website]0;apa636@educcomp01: ~/Website[01;32mapa636@educcomp01[00m:[01;34m~/Website[00m$ git init #initialize local git respository
Reinitialized existing Git repository in /stor/home/apa636/Website/.git/
]0;/stor/home/apa636/Website]0;apa636@educcomp01: ~/Website[01;32mapa636@educcomp01[00m:[01;34m~/Website[00m$ 
]0;/stor/home/apa636/Website]0;apa636@educcomp01: ~/Website[01;32mapa636@educcomp01[00m:[01;34m~/Website[00m$ git add . #add all files in repository to be uploaded
]0;/stor/home/apa636/Website]0;apa636@educcomp01: ~/Website[01;32mapa636@educcomp01[00m:[01;34m~/Website[00m$ 
]0;/stor/home/apa636/Website]0;apa636@educcomp01: ~/Website[01;32mapa636@educcomp01[00m:[01;34m~/Website[00m$ git commit -m "first website commit"
[master c3ba332] first website commit
 Committer: Austin Alvarez <apa636@educcomp01.ccbb.utexas.edu>
Your name and email address were configured automatically based
on your username and hostname. Please check that they are accurate.
You can suppress this message by setting them explicitly. Run the
following command and follow the instructions in your editor to edit
your configuration file:

    git config --global --edit

After doing this, you may fix the identity used for this commit with:

    git commit --amend --reset-author

 1 file changed, 37 insertions(+), 1 deletion(-)
]0;/stor/home/apa636/Website]0;apa636@educcomp01: ~/Website[01;32mapa636@educcomp01[00m:[01;34m~/Website[00m$ 
]0;/stor/home/apa636/Website]0;apa636@educcomp01: ~/Website[01;32mapa636@educcomp01[00m:[01;34m~/Website[00m$ git remote add origin https://github.com/AustinAlvarez12/Website.ggit #re
fatal: remote origin already exists.
]0;/stor/home/apa636/Website]0;apa636@educcomp01: ~/Website[01;32mapa636@educcomp01[00m:[01;34m~/Website[00m$ 
]0;/stor/home/apa636/Website]0;apa636@educcomp01: ~/Website[01;32mapa636@educcomp01[00m:[01;34m~/Website[00m$ git push origin master
Username for 'https://github.com': Password for 'https://github.com': 
remote: No anonymous write access.
fatal: Authentication failed for 'https://github.com/AustinAlvarez12/Website.git/'
]0;/stor/home/apa636/Website]0;apa636@educcomp01: ~/Website[01;32mapa636@educcomp01[00m:[01;34m~/Website[00m$ git commit -m "initial commit"
On branch master
Changes not staged for commit:
	[31mmodified:   .Rproj.user/B08CC792/console06/B76B5EB7[m

no changes added to commit
]0;/stor/home/apa636/Website]0;apa636@educcomp01: ~/Website[01;32mapa636@educcomp01[00m:[01;34m~/Website[00m$ git push origin master
Username for 'https://github.com': AustinAlvarez12
Password for 'https://AustinAlvarez12@github.com': 
Counting objects: 199, done.
Delta compression using up to 16 threads.
Compressing objects:   0% (1/176)   Compressing objects:   1% (2/176)   Compressing objects:   2% (4/176)   Compressing objects:   3% (6/176)   Compressing objects:   4% (8/176)   Compressing objects:   5% (9/176)   Compressing objects:   6% (11/176)   Compressing objects:   7% (13/176)   Compressing objects:   8% (15/176)   Compressing objects:   9% (16/176)   Compressing objects:  10% (18/176)   Compressing objects:  11% (20/176)   Compressing objects:  12% (22/176)   Compressing objects:  13% (23/176)   Compressing objects:  14% (25/176)   Compressing objects:  15% (27/176)   Compressing objects:  16% (29/176)   Compressing objects:  17% (30/176)   Compressing objects:  18% (32/176)   Compressing objects:  19% (34/176)   Compressing objects:  20% (36/176)   Compressing objects:  21% (37/176)   Compressing objects:  22% (39/176)   Compressing objects:  23% (41/176)   Compressing objects:  24% (43/176)   Compressing objects:  25% (44/176)   Compressing objects:  26% (46/176)   Compressing objects:  27% (48/176)   Compressing objects:  28% (50/176)   Compressing objects:  29% (52/176)   Compressing objects:  30% (53/176)   Compressing objects:  31% (55/176)   Compressing objects:  32% (57/176)   Compressing objects:  33% (59/176)   Compressing objects:  34% (60/176)   Compressing objects:  35% (62/176)   Compressing objects:  36% (64/176)   Compressing objects:  37% (66/176)   Compressing objects:  38% (67/176)   Compressing objects:  39% (69/176)   Compressing objects:  40% (71/176)   Compressing objects:  41% (73/176)   Compressing objects:  42% (74/176)   Compressing objects:  43% (76/176)   Compressing objects:  44% (78/176)   Compressing objects:  45% (80/176)   Compressing objects:  46% (81/176)   Compressing objects:  47% (83/176)   Compressing objects:  48% (85/176)   Compressing objects:  49% (87/176)   Compressing objects:  50% (88/176)   Compressing objects:  51% (90/176)   Compressing objects:  52% (92/176)   Compressing objects:  53% (94/176)   Compressing objects:  54% (96/176)   Compressing objects:  55% (97/176)   Compressing objects:  56% (99/176)   Compressing objects:  57% (101/176)   Compressing objects:  58% (103/176)   Compressing objects:  59% (104/176)   Compressing objects:  60% (106/176)   Compressing objects:  61% (108/176)   Compressing objects:  62% (110/176)   Compressing objects:  63% (111/176)   Compressing objects:  64% (113/176)   Compressing objects:  65% (115/176)   Compressing objects:  66% (117/176)   Compressing objects:  67% (118/176)   Compressing objects:  68% (120/176)   Compressing objects:  69% (122/176)   Compressing objects:  70% (124/176)   Compressing objects:  71% (125/176)   Compressing objects:  72% (127/176)   Compressing objects:  73% (129/176)   Compressing objects:  74% (131/176)   Compressing objects:  75% (132/176)   Compressing objects:  76% (134/176)   Compressing objects:  77% (136/176)   Compressing objects:  78% (138/176)   Compressing objects:  79% (140/176)   Compressing objects:  80% (141/176)   Compressing objects:  81% (143/176)   Compressing objects:  82% (145/176)   Compressing objects:  83% (147/176)   Compressing objects:  84% (148/176)   Compressing objects:  85% (150/176)   Compressing objects:  86% (152/176)   Compressing objects:  87% (154/176)   Compressing objects:  88% (155/176)   Compressing objects:  89% (157/176)   Compressing objects:  90% (159/176)   Compressing objects:  91% (161/176)   Compressing objects:  92% (162/176)   Compressing objects:  93% (164/176)   Compressing objects:  94% (166/176)   Compressing objects:  95% (168/176)   Compressing objects:  96% (169/176)   Compressing objects:  97% (171/176)   Compressing objects:  98% (173/176)   Compressing objects:  99% (175/176)   Compressing objects: 100% (176/176)   Compressing objects: 100% (176/176), done.
Writing objects:   0% (1/199)   Writing objects:   1% (2/199)   Writing objects:   2% (4/199)   Writing objects:   3% (6/199)   Writing objects:   4% (8/199)   Writing objects:   5% (10/199)   Writing objects:   6% (12/199)   Writing objects:   7% (14/199)   Writing objects:   8% (16/199)   Writing objects:   9% (18/199)   Writing objects:  10% (20/199)   Writing objects:  11% (22/199)   Writing objects:  12% (24/199)   Writing objects:  13% (26/199)   Writing objects:  14% (29/199)   Writing objects:  15% (30/199)   Writing objects:  16% (32/199)   Writing objects:  17% (34/199)   Writing objects:  18% (36/199)   Writing objects:  19% (38/199)   Writing objects:  20% (40/199)   Writing objects:  21% (42/199)   Writing objects:  22% (44/199)   Writing objects:  23% (46/199)   Writing objects:  24% (48/199)   Writing objects:  25% (50/199)   Writing objects:  26% (52/199)   Writing objects:  27% (54/199)   Writing objects:  28% (56/199)   Writing objects:  29% (58/199)   Writing objects:  30% (60/199)   Writing objects:  31% (62/199)   Writing objects:  32% (64/199)   Writing objects:  33% (66/199)   Writing objects:  34% (68/199)   Writing objects:  35% (70/199)   Writing objects:  36% (72/199)   Writing objects:  37% (74/199)   Writing objects:  38% (76/199)   Writing objects:  39% (78/199)   Writing objects:  40% (80/199)   Writing objects:  41% (82/199)   Writing objects:  42% (84/199)   Writing objects:  43% (86/199)   Writing objects:  44% (88/199)   Writing objects:  45% (91/199)   Writing objects:  46% (92/199)   Writing objects:  47% (94/199)   Writing objects:  48% (96/199)   Writing objects:  49% (98/199)   Writing objects:  50% (100/199)   Writing objects:  51% (102/199)   Writing objects:  52% (104/199)   Writing objects:  53% (106/199)   Writing objects:  54% (108/199)   Writing objects:  55% (110/199)   Writing objects:  56% (112/199)   Writing objects:  57% (114/199)   Writing objects:  58% (116/199)   Writing objects:  59% (118/199)   Writing objects:  60% (120/199)   Writing objects:  61% (122/199)   Writing objects:  62% (124/199)   Writing objects:  63% (126/199)   Writing objects:  64% (128/199)   Writing objects:  65% (130/199)   Writing objects:  66% (132/199)   Writing objects:  67% (134/199)   Writing objects:  68% (136/199)   Writing objects:  69% (138/199)   Writing objects:  70% (140/199)   Writing objects:  71% (142/199)   Writing objects:  72% (144/199)   Writing objects:  73% (146/199)   Writing objects:  74% (148/199)   Writing objects:  75% (150/199)   Writing objects:  76% (152/199)   Writing objects:  77% (154/199)   Writing objects:  78% (156/199)   Writing objects:  79% (158/199)   Writing objects:  80% (160/199)   Writing objects:  81% (162/199)   Writing objects:  82% (164/199)   Writing objects:  83% (166/199)   Writing objects:  84% (168/199)   Writing objects:  85% (170/199), 1.65 MiB | 3.25 MiB/s   Writing objects:  86% (172/199), 1.65 MiB | 3.25 MiB/s   Writing objects:  87% (174/199), 1.65 MiB | 3.25 MiB/s   Writing objects:  88% (176/199), 1.65 MiB | 3.25 MiB/s   Writing objects:  89% (178/199), 1.65 MiB | 3.25 MiB/s   Writing objects:  90% (180/199), 1.65 MiB | 3.25 MiB/s   Writing objects:  91% (182/199), 1.65 MiB | 3.25 MiB/s   Writing objects:  92% (184/199), 1.65 MiB | 3.25 MiB/s   Writing objects:  93% (186/199), 1.65 MiB | 3.25 MiB/s   Writing objects:  94% (188/199), 1.65 MiB | 3.25 MiB/s   Writing objects:  95% (190/199), 1.65 MiB | 3.25 MiB/s   Writing objects:  96% (192/199), 1.65 MiB | 3.25 MiB/s   Writing objects:  97% (194/199), 1.65 MiB | 3.25 MiB/s   Writing objects:  98% (196/199), 1.65 MiB | 3.25 MiB/s   Writing objects:  99% (198/199), 1.65 MiB | 3.25 MiB/s   Writing objects: 100% (199/199), 1.65 MiB | 3.25 MiB/s   Writing objects: 100% (199/199), 1.76 MiB | 3.41 MiB/s, done.
Total 199 (delta 48), reused 0 (delta 0)
remote: Resolving deltas:   0% (0/48)[Kremote: Resolving deltas:   2% (1/48)[Kremote: Resolving deltas:   8% (4/48)[Kremote: Resolving deltas:  14% (7/48)[Kremote: Resolving deltas:  16% (8/48)[Kremote: Resolving deltas:  20% (10/48)[Kremote: Resolving deltas:  25% (12/48)[Kremote: Resolving deltas:  27% (13/48)[Kremote: Resolving deltas:  29% (14/48)[Kremote: Resolving deltas:  31% (15/48)[Kremote: Resolving deltas:  33% (16/48)[Kremote: Resolving deltas:  58% (28/48)[Kremote: Resolving deltas:  70% (34/48)[Kremote: Resolving deltas:  85% (41/48)[Kremote: Resolving deltas:  87% (42/48)[Kremote: Resolving deltas:  91% (44/48)[Kremote: Resolving deltas: 100% (48/48)[Kremote: Resolving deltas: 100% (48/48), done.[K
To https://github.com/AustinAlvarez12/Website.git
 * [new branch]      master -> master
]0;/stor/home/apa636/Website]0;apa636@educcomp01: ~/Website[01;32mapa636@educcomp01[00m:[01;34m~/Website[00m$ git add .
]0;/stor/home/apa636/Website]0;apa636@educcomp01: ~/Website[01;32mapa636@educcomp01[00m:[01;34m~/Website[00m$ 
]0;/stor/home/apa636/Website]0;apa636@educcomp01: ~/Website[01;32mapa636@educcomp01[00m:[01;34m~/Website[00m$ git commit -m "any message, but you must have a message"
[master fa9fc5e] any message, but you must have a message
 Committer: Austin Alvarez <apa636@educcomp01.ccbb.utexas.edu>
Your name and email address were configured automatically based
on your username and hostname. Please check that they are accurate.
You can suppress this message by setting them explicitly. Run the
following command and follow the instructions in your editor to edit
your configuration file:

    git config --global --edit

After doing this, you may fix the identity used for this commit with:

    git commit --amend --reset-author

 32 files changed, 82 insertions(+), 36 deletions(-)
]0;/stor/home/apa636/Website]0;apa636@educcomp01: ~/Website[01;32mapa636@educcomp01[00m:[01;34m~/Website[00m$ 
]0;/stor/home/apa636/Website]0;apa636@educcomp01: ~/Website[01;32mapa636@educcomp01[00m:[01;34m~/Website[00m$ git push origin master
Username for 'https://github.com': AustinAlvarez12
Password for 'https://AustinAlvarez12@github.com': 
Counting objects: 63, done.
Delta compression using up to 16 threads.
Compressing objects:   1% (1/55)   Compressing objects:   3% (2/55)   Compressing objects:   5% (3/55)   Compressing objects:   7% (4/55)   Compressing objects:   9% (5/55)   Compressing objects:  10% (6/55)   Compressing objects:  12% (7/55)   Compressing objects:  14% (8/55)   Compressing objects:  16% (9/55)   Compressing objects:  18% (10/55)   Compressing objects:  20% (11/55)   Compressing objects:  21% (12/55)   Compressing objects:  23% (13/55)   Compressing objects:  25% (14/55)   Compressing objects:  27% (15/55)   Compressing objects:  29% (16/55)   Compressing objects:  30% (17/55)   Compressing objects:  32% (18/55)   Compressing objects:  34% (19/55)   Compressing objects:  36% (20/55)   Compressing objects:  38% (21/55)   Compressing objects:  40% (22/55)   Compressing objects:  41% (23/55)   Compressing objects:  43% (24/55)   Compressing objects:  45% (25/55)   Compressing objects:  47% (26/55)   Compressing objects:  49% (27/55)   Compressing objects:  50% (28/55)   Compressing objects:  52% (29/55)   Compressing objects:  54% (30/55)   Compressing objects:  56% (31/55)   Compressing objects:  58% (32/55)   Compressing objects:  60% (33/55)   Compressing objects:  61% (34/55)   Compressing objects:  63% (35/55)   Compressing objects:  65% (36/55)   Compressing objects:  67% (37/55)   Compressing objects:  69% (38/55)   Compressing objects:  70% (39/55)   Compressing objects:  72% (40/55)   Compressing objects:  74% (41/55)   Compressing objects:  76% (42/55)   Compressing objects:  78% (43/55)   Compressing objects:  80% (44/55)   Compressing objects:  81% (45/55)   Compressing objects:  83% (46/55)   Compressing objects:  85% (47/55)   Compressing objects:  87% (48/55)   Compressing objects:  89% (49/55)   Compressing objects:  90% (50/55)   Compressing objects:  92% (51/55)   Compressing objects:  94% (52/55)   Compressing objects:  96% (53/55)   Compressing objects:  98% (54/55)   Compressing objects: 100% (55/55)   Compressing objects: 100% (55/55), done.
Writing objects:   1% (1/63)   Writing objects:   3% (2/63)   Writing objects:   4% (3/63)   Writing objects:   6% (4/63)   Writing objects:   7% (5/63)   Writing objects:   9% (6/63)   Writing objects:  11% (7/63)   Writing objects:  12% (8/63)   Writing objects:  14% (9/63)   Writing objects:  15% (10/63)   Writing objects:  17% (11/63)   Writing objects:  19% (12/63)   Writing objects:  20% (13/63)   Writing objects:  22% (14/63)   Writing objects:  23% (15/63)   Writing objects:  25% (16/63)   Writing objects:  26% (17/63)   Writing objects:  28% (18/63)   Writing objects:  30% (19/63)   Writing objects:  31% (20/63)   Writing objects:  33% (21/63)   Writing objects:  34% (22/63)   Writing objects:  36% (23/63)   Writing objects:  38% (24/63)   Writing objects:  39% (25/63)   Writing objects:  41% (26/63)   Writing objects:  42% (27/63)   Writing objects:  44% (28/63)   Writing objects:  46% (29/63)   Writing objects:  47% (30/63)   Writing objects:  49% (31/63)   Writing objects:  50% (32/63)   Writing objects:  52% (33/63)   Writing objects:  53% (34/63)   Writing objects:  55% (35/63)   Writing objects:  57% (36/63)   Writing objects:  58% (37/63)   Writing objects:  60% (38/63)   Writing objects:  61% (39/63)   Writing objects:  63% (40/63)   Writing objects:  65% (41/63)   Writing objects:  66% (42/63)   Writing objects:  68% (43/63)   Writing objects:  69% (44/63)   Writing objects:  71% (45/63)   Writing objects:  73% (46/63)   Writing objects:  74% (47/63)   Writing objects:  76% (48/63)   Writing objects:  77% (49/63)   Writing objects:  79% (50/63)   Writing objects:  80% (51/63)   Writing objects:  82% (52/63)   Writing objects:  84% (53/63)   Writing objects:  85% (54/63)   Writing objects:  87% (55/63)   Writing objects:  88% (56/63)   Writing objects:  93% (59/63)   Writing objects:  95% (60/63)   Writing objects:  96% (61/63)   Writing objects:  98% (62/63)   Writing objects: 100% (63/63)   Writing objects: 100% (63/63), 9.14 KiB | 719.00 KiB/s, done.
Total 63 (delta 31), reused 0 (delta 0)
remote: Resolving deltas:   0% (0/31)[Kremote: Resolving deltas:   3% (1/31)[Kremote: Resolving deltas:   6% (2/31)[Kremote: Resolving deltas:   9% (3/31)[Kremote: Resolving deltas:  12% (4/31)[Kremote: Resolving deltas:  16% (5/31)[Kremote: Resolving deltas:  19% (6/31)[Kremote: Resolving deltas:  22% (7/31)[Kremote: Resolving deltas:  25% (8/31)[Kremote: Resolving deltas:  29% (9/31)[Kremote: Resolving deltas:  41% (13/31)[Kremote: Resolving deltas:  45% (14/31)[Kremote: Resolving deltas:  48% (15/31)[Kremote: Resolving deltas:  51% (16/31)[Kremote: Resolving deltas:  58% (18/31)[Kremote: Resolving deltas:  64% (20/31)[Kremote: Resolving deltas:  67% (21/31)[Kremote: Resolving deltas:  70% (22/31)[Kremote: Resolving deltas:  74% (23/31)[Kremote: Resolving deltas:  77% (24/31)[Kremote: Resolving deltas:  80% (25/31)[Kremote: Resolving deltas:  83% (26/31)[Kremote: Resolving deltas:  87% (27/31)[Kremote: Resolving deltas:  96% (30/31)[Kremote: Resolving deltas: 100% (31/31)[Kremote: Resolving deltas: 100% (31/31), completed with 24 local objects.[K
To https://github.com/AustinAlvarez12/Website.git
   c3ba332..fa9fc5e  master -> master
]0;/stor/home/apa636/Website]0;apa636@educcomp01: ~/Website[01;32mapa636@educcomp01[00m:[01;34m~/Website[00m$ git add .
]0;/stor/home/apa636/Website]0;apa636@educcomp01: ~/Website[01;32mapa636@educcomp01[00m:[01;34m~/Website[00m$ 
]0;/stor/home/apa636/Website]0;apa636@educcomp01: ~/Website[01;32mapa636@educcomp01[00m:[01;34m~/Website[00m$ git commit -m "any message, but you must have a message"
[master cdf853d] any message, but you must have a message
 Committer: Austin Alvarez <apa636@educcomp01.ccbb.utexas.edu>
Your name and email address were configured automatically based
on your username and hostname. Please check that they are accurate.
You can suppress this message by setting them explicitly. Run the
following command and follow the instructions in your editor to edit
your configuration file:

    git config --global --edit

After doing this, you may fix the identity used for this commit with:

    git commit --amend --reset-author

 6 files changed, 39 insertions(+), 7 deletions(-)
 rewrite public/resume.pdf (75%)
 rewrite static/resume.pdf (75%)
]0;/stor/home/apa636/Website]0;apa636@educcomp01: ~/Website[01;32mapa636@educcomp01[00m:[01;34m~/Website[00m$ 
]0;/stor/home/apa636/Website]0;apa636@educcomp01: ~/Website[01;32mapa636@educcomp01[00m:[01;34m~/Website[00m$ git push origin master
Username for 'https://github.com': AustinAlvarez12
Password for 'https://AustinAlvarez12@github.com': 
Counting objects: 15, done.
Delta compression using up to 16 threads.
Compressing objects:   6% (1/15)   Compressing objects:  13% (2/15)   Compressing objects:  20% (3/15)   Compressing objects:  26% (4/15)   Compressing objects:  33% (5/15)   Compressing objects:  40% (6/15)   Compressing objects:  46% (7/15)   Compressing objects:  53% (8/15)   Compressing objects:  60% (9/15)   Compressing objects:  66% (10/15)   Compressing objects:  73% (11/15)   Compressing objects:  80% (12/15)   Compressing objects:  86% (13/15)   Compressing objects:  93% (14/15)   Compressing objects: 100% (15/15)   Compressing objects: 100% (15/15), done.
Writing objects:   6% (1/15)   Writing objects:  13% (2/15)   Writing objects:  20% (3/15)   Writing objects:  26% (4/15)   Writing objects:  33% (5/15)   Writing objects:  40% (6/15)   Writing objects:  46% (7/15)   Writing objects:  53% (8/15)   Writing objects:  60% (9/15)   Writing objects:  66% (10/15)   Writing objects:  73% (11/15)   Writing objects:  80% (12/15)   Writing objects:  86% (13/15)   Writing objects:  93% (14/15)   Writing objects: 100% (15/15)   Writing objects: 100% (15/15), 67.73 KiB | 6.16 MiB/s, done.
Total 15 (delta 8), reused 0 (delta 0)
remote: Resolving deltas:   0% (0/8)[Kremote: Resolving deltas:  12% (1/8)[Kremote: Resolving deltas:  25% (2/8)[Kremote: Resolving deltas:  37% (3/8)[Kremote: Resolving deltas:  50% (4/8)[Kremote: Resolving deltas:  62% (5/8)[Kremote: Resolving deltas:  75% (6/8)[Kremote: Resolving deltas:  87% (7/8)[Kremote: Resolving deltas: 100% (8/8)[Kremote: Resolving deltas: 100% (8/8), completed with 8 local objects.[K
To https://github.com/AustinAlvarez12/Website.git
   fa9fc5e..cdf853d  master -> master
]0;/stor/home/apa636/Website]0;apa636@educcomp01: ~/Website[01;32mapa636@educcomp01[00m:[01;34m~/Website[00m$ git add .
]0;/stor/home/apa636/Website]0;apa636@educcomp01: ~/Website[01;32mapa636@educcomp01[00m:[01;34m~/Website[00m$ 
]0;/stor/home/apa636/Website]0;apa636@educcomp01: ~/Website[01;32mapa636@educcomp01[00m:[01;34m~/Website[00m$ git commit -m "any message, but you must have a message"
[master d81f7c1] any message, but you must have a message
 Committer: Austin Alvarez <apa636@educcomp01.ccbb.utexas.edu>
Your name and email address were configured automatically based
on your username and hostname. Please check that they are accurate.
You can suppress this message by setting them explicitly. Run the
following command and follow the instructions in your editor to edit
your configuration file:

    git config --global --edit

After doing this, you may fix the identity used for this commit with:

    git commit --amend --reset-author

 12 files changed, 160 insertions(+)
 create mode 100644 .Rproj.user/B08CC792/sources/prop/19784DE1
 create mode 100644 .Rproj.user/B08CC792/sources/s-bb974a0f/EB65546E
 create mode 100644 .Rproj.user/B08CC792/sources/s-bb974a0f/EB65546E-contents
 create mode 100644 .Rproj.user/shared/notebooks/B8E45865-2020-05-13-python-blog/1/B08CC792bb974a0f/chunks.json
 create mode 100644 .Rproj.user/shared/notebooks/B8E45865-2020-05-13-python-blog/1/s/chunks.json
 create mode 100644 content/blog/2020-05-13-python-blog.Rmd
 delete mode 100644 static/blog/2015-07-23-r-rmarkdown_files/figure-html/pie-1.png
 create mode 100644 static/blog/Blog.Rmd
 create mode 100644 static/img/IMG_1266.jpg
]0;/stor/home/apa636/Website]0;apa636@educcomp01: ~/Website[01;32mapa636@educcomp01[00m:[01;34m~/Website[00m$ 
]0;/stor/home/apa636/Website]0;apa636@educcomp01: ~/Website[01;32mapa636@educcomp01[00m:[01;34m~/Website[00m$ git push origin master
Username for 'https://github.com': AustinAlvarez12
Password for 'https://AustinAlvarez12@github.com': 
Counting objects: 26, done.
Delta compression using up to 16 threads.
Compressing objects:   4% (1/22)   Compressing objects:   9% (2/22)   Compressing objects:  13% (3/22)   Compressing objects:  18% (4/22)   Compressing objects:  22% (5/22)   Compressing objects:  27% (6/22)   Compressing objects:  31% (7/22)   Compressing objects:  36% (8/22)   Compressing objects:  40% (9/22)   Compressing objects:  45% (10/22)   Compressing objects:  50% (11/22)   Compressing objects:  54% (12/22)   Compressing objects:  59% (13/22)   Compressing objects:  63% (14/22)   Compressing objects:  68% (15/22)   Compressing objects:  72% (16/22)   Compressing objects:  77% (17/22)   Compressing objects:  81% (18/22)   Compressing objects:  86% (19/22)   Compressing objects:  90% (20/22)   Compressing objects:  95% (21/22)   Compressing objects: 100% (22/22)   Compressing objects: 100% (22/22), done.
Writing objects:   3% (1/26)   Writing objects:   7% (2/26)   Writing objects:  11% (3/26)   Writing objects:  15% (4/26)   Writing objects:  19% (5/26)   Writing objects:  23% (6/26)   Writing objects:  26% (7/26)   Writing objects:  30% (8/26)   Writing objects:  34% (9/26)   Writing objects:  38% (10/26)   Writing objects:  42% (11/26)   Writing objects:  46% (12/26)   Writing objects:  50% (13/26)   Writing objects:  53% (14/26)   Writing objects:  57% (15/26)   Writing objects:  61% (16/26)   Writing objects:  65% (17/26)   Writing objects:  69% (18/26)   Writing objects:  73% (19/26)   Writing objects:  76% (20/26)   Writing objects:  80% (21/26)   Writing objects:  84% (22/26)   Writing objects:  88% (23/26)   Writing objects:  92% (24/26)   Writing objects:  96% (25/26)   Writing objects: 100% (26/26)   Writing objects: 100% (26/26), 428.53 KiB | 7.14 MiB/s, done.
Total 26 (delta 7), reused 0 (delta 0)
remote: Resolving deltas:   0% (0/7)[Kremote: Resolving deltas:  14% (1/7)[Kremote: Resolving deltas:  28% (2/7)[Kremote: Resolving deltas:  42% (3/7)[Kremote: Resolving deltas:  57% (4/7)[Kremote: Resolving deltas:  71% (5/7)[Kremote: Resolving deltas:  85% (6/7)[Kremote: Resolving deltas: 100% (7/7)[Kremote: Resolving deltas: 100% (7/7), completed with 7 local objects.[K
To https://github.com/AustinAlvarez12/Website.git
   cdf853d..d81f7c1  master -> master
]0;/stor/home/apa636/Website]0;apa636@educcomp01: ~/Website[01;32mapa636@educcomp01[00m:[01;34m~/Website[00m$ git add .
]0;/stor/home/apa636/Website]0;apa636@educcomp01: ~/Website[01;32mapa636@educcomp01[00m:[01;34m~/Website[00m$ 
]0;/stor/home/apa636/Website]0;apa636@educcomp01: ~/Website[01;32mapa636@educcomp01[00m:[01;34m~/Website[00m$ git commit -m "any message, but you must have a message"
[master 0171402] any message, but you must have a message
 Committer: Austin Alvarez <apa636@educcomp01.ccbb.utexas.edu>
Your name and email address were configured automatically based
on your username and hostname. Please check that they are accurate.
You can suppress this message by setting them explicitly. Run the
following command and follow the instructions in your editor to edit
your configuration file:

    git config --global --edit

After doing this, you may fix the identity used for this commit with:

    git commit --amend --reset-author

 3 files changed, 45 insertions(+), 4 deletions(-)
]0;/stor/home/apa636/Website]0;apa636@educcomp01: ~/Website[01;32mapa636@educcomp01[00m:[01;34m~/Website[00m$ 
]0;/stor/home/apa636/Website]0;apa636@educcomp01: ~/Website[01;32mapa636@educcomp01[00m:[01;34m~/Website[00m$ git push origin master
Username for 'https://github.com': AustinAlvarez12
Password for 'https://AustinAlvarez12@github.com': 
Counting objects: 11, done.
Delta compression using up to 16 threads.
Compressing objects:   9% (1/11)   Compressing objects:  18% (2/11)   Compressing objects:  27% (3/11)   Compressing objects:  36% (4/11)   Compressing objects:  45% (5/11)   Compressing objects:  54% (6/11)   Compressing objects:  63% (7/11)   Compressing objects:  72% (8/11)   Compressing objects:  81% (9/11)   Compressing objects:  90% (10/11)   Compressing objects: 100% (11/11)   Compressing objects: 100% (11/11), done.
Writing objects:   9% (1/11)   Writing objects:  18% (2/11)   Writing objects:  27% (3/11)   Writing objects:  36% (4/11)   Writing objects:  45% (5/11)   Writing objects:  54% (6/11)   Writing objects:  63% (7/11)   Writing objects:  72% (8/11)   Writing objects:  81% (9/11)   Writing objects:  90% (10/11)   Writing objects: 100% (11/11)   Writing objects: 100% (11/11), 1.67 KiB | 428.00 KiB/s, done.
Total 11 (delta 5), reused 0 (delta 0)
remote: Resolving deltas:   0% (0/5)[Kremote: Resolving deltas:  20% (1/5)[Kremote: Resolving deltas:  40% (2/5)[Kremote: Resolving deltas:  60% (3/5)[Kremote: Resolving deltas:  80% (4/5)[Kremote: Resolving deltas: 100% (5/5)[Kremote: Resolving deltas: 100% (5/5), completed with 5 local objects.[K
To https://github.com/AustinAlvarez12/Website.git
   d81f7c1..0171402  master -> master
]0;/stor/home/apa636/Website]0;apa636@educcomp01: ~/Website[01;32mapa636@educcomp01[00m:[01;34m~/Website[00m$ git add .
]0;/stor/home/apa636/Website]0;apa636@educcomp01: ~/Website[01;32mapa636@educcomp01[00m:[01;34m~/Website[00m$ 
]0;/stor/home/apa636/Website]0;apa636@educcomp01: ~/Website[01;32mapa636@educcomp01[00m:[01;34m~/Website[00m$ git commit -m "any message, but you must have a message"
[master 029d82d] any message, but you must have a message
 Committer: Austin Alvarez <apa636@educcomp01.ccbb.utexas.edu>
Your name and email address were configured automatically based
on your username and hostname. Please check that they are accurate.
You can suppress this message by setting them explicitly. Run the
following command and follow the instructions in your editor to edit
your configuration file:

    git config --global --edit

After doing this, you may fix the identity used for this commit with:

    git commit --amend --reset-author

 12 files changed, 43 insertions(+), 1806 deletions(-)
 rename .Rproj.user/B08CC792/sources/s-bb974a0f/{EB65546E => 88CEB613} (72%)
 rename static/blog/Blog.Rmd => .Rproj.user/B08CC792/sources/s-bb974a0f/88CEB613-contents (100%)
 delete mode 100644 content/blog/2015-07-23-r-rmarkdown.Rmd
 delete mode 100644 content/blog/2015-07-23-r-rmarkdown.html
 delete mode 100644 content/blog/creating-a-new-theme.md
 delete mode 100644 content/blog/goisforlovers.md
 delete mode 100644 content/blog/hugoisforlovers.md
 delete mode 100644 content/blog/migrate-from-jekyll.md
]0;/stor/home/apa636/Website]0;apa636@educcomp01: ~/Website[01;32mapa636@educcomp01[00m:[01;34m~/Website[00m$ 
]0;/stor/home/apa636/Website]0;apa636@educcomp01: ~/Website[01;32mapa636@educcomp01[00m:[01;34m~/Website[00m$ git push origin master
Username for 'https://github.com': AustinAlvarez12
Password for 'https://AustinAlvarez12@github.com': 
Counting objects: 19, done.
Delta compression using up to 16 threads.
Compressing objects:   6% (1/16)   Compressing objects:  12% (2/16)   Compressing objects:  18% (3/16)   Compressing objects:  25% (4/16)   Compressing objects:  31% (5/16)   Compressing objects:  37% (6/16)   Compressing objects:  43% (7/16)   Compressing objects:  50% (8/16)   Compressing objects:  56% (9/16)   Compressing objects:  62% (10/16)   Compressing objects:  68% (11/16)   Compressing objects:  75% (12/16)   Compressing objects:  81% (13/16)   Compressing objects:  87% (14/16)   Compressing objects:  93% (15/16)   Compressing objects: 100% (16/16)   Compressing objects: 100% (16/16), done.
Writing objects:   5% (1/19)   Writing objects:  10% (2/19)   Writing objects:  15% (3/19)   Writing objects:  21% (4/19)   Writing objects:  26% (5/19)   Writing objects:  31% (6/19)   Writing objects:  36% (7/19)   Writing objects:  42% (8/19)   Writing objects:  47% (9/19)   Writing objects:  52% (10/19)   Writing objects:  57% (11/19)   Writing objects:  63% (12/19)   Writing objects:  68% (13/19)   Writing objects:  73% (14/19)   Writing objects:  78% (15/19)   Writing objects:  84% (16/19)   Writing objects:  89% (17/19)   Writing objects:  94% (18/19)   Writing objects: 100% (19/19)   Writing objects: 100% (19/19), 1.97 KiB | 403.00 KiB/s, done.
Total 19 (delta 7), reused 0 (delta 0)
remote: Resolving deltas:   0% (0/7)[Kremote: Resolving deltas:  14% (1/7)[Kremote: Resolving deltas:  28% (2/7)[Kremote: Resolving deltas:  42% (3/7)[Kremote: Resolving deltas:  71% (5/7)[Kremote: Resolving deltas:  85% (6/7)[Kremote: Resolving deltas: 100% (7/7)[Kremote: Resolving deltas: 100% (7/7), completed with 6 local objects.[K
To https://github.com/AustinAlvarez12/Website.git
   0171402..029d82d  master -> master
]0;/stor/home/apa636/Website]0;apa636@educcomp01: ~/Website[01;32mapa636@educcomp01[00m:[01;34m~/Website[00m$ blogdown::serve_site()
> ^C
]0;/stor/home/apa636/Website]0;apa636@educcomp01: ~/Website[01;32mapa636@educcomp01[00m:[01;34m~/Website[00m$ git add .
]0;/stor/home/apa636/Website]0;apa636@educcomp01: ~/Website[01;32mapa636@educcomp01[00m:[01;34m~/Website[00m$ 
]0;/stor/home/apa636/Website]0;apa636@educcomp01: ~/Website[01;32mapa636@educcomp01[00m:[01;34m~/Website[00m$ git commit -m "any message, but you must have a message"
[master 9620df3] any message, but you must have a message
 Committer: Austin Alvarez <apa636@educcomp01.ccbb.utexas.edu>
Your name and email address were configured automatically based
on your username and hostname. Please check that they are accurate.
You can suppress this message by setting them explicitly. Run the
following command and follow the instructions in your editor to edit
your configuration file:

    git config --global --edit

After doing this, you may fix the identity used for this commit with:

    git commit --amend --reset-author

 5 files changed, 67 insertions(+), 19 deletions(-)
]0;/stor/home/apa636/Website]0;apa636@educcomp01: ~/Website[01;32mapa636@educcomp01[00m:[01;34m~/Website[00m$ 
]0;/stor/home/apa636/Website]0;apa636@educcomp01: ~/Website[01;32mapa636@educcomp01[00m:[01;34m~/Website[00m$ git push origin master
Username for 'https://github.com': AustinAlvarez12
Password for 'https://AustinAlvarez12@github.com': 
Counting objects: 14, done.
Delta compression using up to 16 threads.
Compressing objects:   7% (1/14)   Compressing objects:  14% (2/14)   Compressing objects:  21% (3/14)   Compressing objects:  28% (4/14)   Compressing objects:  35% (5/14)   Compressing objects:  42% (6/14)   Compressing objects:  50% (7/14)   Compressing objects:  57% (8/14)   Compressing objects:  64% (9/14)   Compressing objects:  71% (10/14)   Compressing objects:  78% (11/14)   Compressing objects:  85% (12/14)   Compressing objects:  92% (13/14)   Compressing objects: 100% (14/14)   Compressing objects: 100% (14/14), done.
Writing objects:   7% (1/14)   Writing objects:  14% (2/14)   Writing objects:  21% (3/14)   Writing objects:  28% (4/14)   Writing objects:  35% (5/14)   Writing objects:  42% (6/14)   Writing objects:  50% (7/14)   Writing objects:  57% (8/14)   Writing objects:  64% (9/14)   Writing objects:  71% (10/14)   Writing objects:  78% (11/14)   Writing objects:  85% (12/14)   Writing objects:  92% (13/14)   Writing objects: 100% (14/14)   Writing objects: 100% (14/14), 1.87 KiB | 479.00 KiB/s, done.
Total 14 (delta 7), reused 0 (delta 0)
remote: Resolving deltas:   0% (0/7)[Kremote: Resolving deltas:  14% (1/7)[Kremote: Resolving deltas:  28% (2/7)[Kremote: Resolving deltas:  42% (3/7)[Kremote: Resolving deltas:  57% (4/7)[Kremote: Resolving deltas:  71% (5/7)[Kremote: Resolving deltas:  85% (6/7)[Kremote: Resolving deltas: 100% (7/7)[Kremote: Resolving deltas: 100% (7/7), completed with 7 local objects.[K
To https://github.com/AustinAlvarez12/Website.git
   029d82d..9620df3  master -> master
git add .
]0;/stor/home/apa636/Website]0;apa636@educcomp01: ~/Website[01;32mapa636@educcomp01[00m:[01;34m~/Website[00m$ 
]0;/stor/home/apa636/Website]0;apa636@educcomp01: ~/Website[01;32mapa636@educcomp01[00m:[01;34m~/Website[00m$ git commit -m "any message, but you must have a message"
[master b208ec6] any message, but you must have a message
 Committer: Austin Alvarez <apa636@educcomp01.ccbb.utexas.edu>
Your name and email address were configured automatically based
on your username and hostname. Please check that they are accurate.
You can suppress this message by setting them explicitly. Run the
following command and follow the instructions in your editor to edit
your configuration file:

    git config --global --edit

After doing this, you may fix the identity used for this commit with:

    git commit --amend --reset-author

 28 files changed, 517 insertions(+), 676 deletions(-)
 create mode 100644 .Rproj.user/B08CC792/sources/prop/579F221E
 create mode 100644 .Rproj.user/B08CC792/sources/s-bb974a0f/4E227925
 create mode 100644 .Rproj.user/B08CC792/sources/s-bb974a0f/4E227925-contents
 delete mode 100644 .Rproj.user/B08CC792/sources/s-bb974a0f/88CEB613
 delete mode 100644 .Rproj.user/shared/notebooks/B8E45865-2020-05-13-python-blog/1/B08CC792bb974a0f/chunks.json
 create mode 100644 .Rproj.user/shared/notebooks/CD01BDFC-2020-05-13-blog/1/B08CC792bb974a0f/chunks.json
 create mode 100644 .Rproj.user/shared/notebooks/CD01BDFC-2020-05-13-blog/1/s/chunks.json
 create mode 100644 content/blog/2020-05-13-blog.Rmd
 create mode 100644 content/blog/2020-05-13-blog.html
 create mode 100644 public/blog/2020-05-13-blog.Rmd
 create mode 100644 public/blog/2020-05-13-blog_files/IMG_1266.jpg
 rename {content => public}/blog/2020-05-13-python-blog.Rmd (100%)
 rewrite public/blog/index.xml (87%)
 create mode 100644 public/blog/new-post/index.html
 create mode 100644 public/img/IMG_1266.jpg
 rewrite public/index.xml (60%)
 rewrite public/sitemap.xml (66%)
 rewrite public/tags/index.xml (72%)
 create mode 100644 static/blog/2020-05-13-blog_files/IMG_1266.jpg
 create mode 100644 static/blog/2020-05-13-python-blog.Rmd
]0;/stor/home/apa636/Website]0;apa636@educcomp01: ~/Website[01;32mapa636@educcomp01[00m:[01;34m~/Website[00m$ 
]0;/stor/home/apa636/Website]0;apa636@educcomp01: ~/Website[01;32mapa636@educcomp01[00m:[01;34m~/Website[00m$ git push origin master
Username for 'https://github.com': AustinAlvae rez12
Password for 'https://AustinAlvarez12@github.com': 
Counting objects: 43, done.
Delta compression using up to 16 threads.
Compressing objects:   2% (1/36)   Compressing objects:   5% (2/36)   Compressing objects:   8% (3/36)   Compressing objects:  11% (4/36)   Compressing objects:  13% (5/36)   Compressing objects:  16% (6/36)   Compressing objects:  19% (7/36)   Compressing objects:  22% (8/36)   Compressing objects:  25% (9/36)   Compressing objects:  27% (10/36)   Compressing objects:  30% (11/36)   Compressing objects:  33% (12/36)   Compressing objects:  36% (13/36)   Compressing objects:  38% (14/36)   Compressing objects:  41% (15/36)   Compressing objects:  44% (16/36)   Compressing objects:  47% (17/36)   Compressing objects:  50% (18/36)   Compressing objects:  52% (19/36)   Compressing objects:  55% (20/36)   Compressing objects:  58% (21/36)   Compressing objects:  61% (22/36)   Compressing objects:  63% (23/36)   Compressing objects:  66% (24/36)   Compressing objects:  69% (25/36)   Compressing objects:  72% (26/36)   Compressing objects:  75% (27/36)   Compressing objects:  77% (28/36)   Compressing objects:  80% (29/36)   Compressing objects:  83% (30/36)   Compressing objects:  86% (31/36)   Compressing objects:  88% (32/36)   Compressing objects:  91% (33/36)   Compressing objects:  94% (34/36)   Compressing objects:  97% (35/36)   Compressing objects: 100% (36/36)   Compressing objects: 100% (36/36), done.
Writing objects:   2% (1/43)   Writing objects:   4% (2/43)   Writing objects:   6% (3/43)   Writing objects:   9% (4/43)   Writing objects:  11% (5/43)   Writing objects:  13% (6/43)   Writing objects:  16% (7/43)   Writing objects:  18% (8/43)   Writing objects:  20% (9/43)   Writing objects:  23% (10/43)   Writing objects:  25% (11/43)   Writing objects:  30% (13/43)   Writing objects:  32% (14/43)   Writing objects:  34% (15/43)   Writing objects:  37% (16/43)   Writing objects:  39% (17/43)   Writing objects:  41% (18/43)   Writing objects:  44% (19/43)   Writing objects:  46% (20/43)   Writing objects:  48% (21/43)   Writing objects:  51% (22/43)   Writing objects:  53% (23/43)   Writing objects:  55% (24/43)   Writing objects:  58% (25/43)   Writing objects:  62% (27/43)   Writing objects:  65% (28/43)   Writing objects:  67% (29/43)   Writing objects:  69% (30/43)   Writing objects:  72% (31/43)   Writing objects:  74% (32/43)   Writing objects:  76% (33/43)   Writing objects:  79% (34/43)   Writing objects:  81% (35/43)   Writing objects:  83% (36/43)   Writing objects:  86% (37/43)   Writing objects:  88% (38/43)   Writing objects:  90% (39/43)   Writing objects:  93% (40/43)   Writing objects:  95% (41/43)   Writing objects:  97% (42/43)   Writing objects: 100% (43/43)   Writing objects: 100% (43/43), 8.01 KiB | 911.00 KiB/s, done.
Total 43 (delta 20), reused 0 (delta 0)
remote: Resolving deltas:   0% (0/20)[Kremote: Resolving deltas:   5% (1/20)[Kremote: Resolving deltas:  10% (2/20)[Kremote: Resolving deltas:  15% (3/20)[Kremote: Resolving deltas:  20% (4/20)[Kremote: Resolving deltas:  25% (5/20)[Kremote: Resolving deltas:  35% (7/20)[Kremote: Resolving deltas:  40% (8/20)[Kremote: Resolving deltas:  45% (9/20)[Kremote: Resolving deltas:  50% (10/20)[Kremote: Resolving deltas:  55% (11/20)[Kremote: Resolving deltas:  60% (12/20)[Kremote: Resolving deltas:  65% (13/20)[Kremote: Resolving deltas:  70% (14/20)[Kremote: Resolving deltas:  75% (15/20)[Kremote: Resolving deltas:  80% (16/20)[Kremote: Resolving deltas:  85% (17/20)[Kremote: Resolving deltas:  90% (18/20)[Kremote: Resolving deltas:  95% (19/20)[Kremote: Resolving deltas: 100% (20/20)[Kremote: Resolving deltas: 100% (20/20), completed with 18 local objects.[K
To https://github.com/AustinAlvarez12/Website.git
   9620df3..b208ec6  master -> master
]0;/stor/home/apa636/Website]0;apa636@educcomp01: ~/Website[01;32mapa636@educcomp01[00m:[01;34m~/Website[00m$ git add .
]0;/stor/home/apa636/Website]0;apa636@educcomp01: ~/Website[01;32mapa636@educcomp01[00m:[01;34m~/Website[00m$ 
]0;/stor/home/apa636/Website]0;apa636@educcomp01: ~/Website[01;32mapa636@educcomp01[00m:[01;34m~/Website[00m$ git commit -m "any message, but you must have a message"
[master 0113d58] any message, but you must have a message
 Committer: Austin Alvarez <apa636@educcomp01.ccbb.utexas.edu>
Your name and email address were configured automatically based
on your username and hostname. Please check that they are accurate.
You can suppress this message by setting them explicitly. Run the
following command and follow the instructions in your editor to edit
your configuration file:

    git config --global --edit

After doing this, you may fix the identity used for this commit with:

    git commit --amend --reset-author

 8 files changed, 63 insertions(+), 10 deletions(-)
]0;/stor/home/apa636/Website]0;apa636@educcomp01: ~/Website[01;32mapa636@educcomp01[00m:[01;34m~/Website[00m$ 
]0;/stor/home/apa636/Website]0;apa636@educcomp01: ~/Website[01;32mapa636@educcomp01[00m:[01;34m~/Website[00m$ git push origin master
Username for 'https://github.com': AustinAlvarez12
Password for 'https://AustinAlvarez12@github.com': 
Counting objects: 19, done.
Delta compression using up to 16 threads.
Compressing objects:   5% (1/18)   Compressing objects:  11% (2/18)   Compressing objects:  16% (3/18)   Compressing objects:  22% (4/18)   Compressing objects:  27% (5/18)   Compressing objects:  33% (6/18)   Compressing objects:  38% (7/18)   Compressing objects:  44% (8/18)   Compressing objects:  50% (9/18)   Compressing objects:  55% (10/18)   Compressing objects:  61% (11/18)   Compressing objects:  66% (12/18)   Compressing objects:  72% (13/18)   Compressing objects:  77% (14/18)   Compressing objects:  83% (15/18)   Compressing objects:  88% (16/18)   Compressing objects:  94% (17/18)   Compressing objects: 100% (18/18)   Compressing objects: 100% (18/18), done.
Writing objects:   5% (1/19)   Writing objects:  10% (2/19)   Writing objects:  15% (3/19)   Writing objects:  21% (4/19)   Writing objects:  26% (5/19)   Writing objects:  31% (6/19)   Writing objects:  36% (7/19)   Writing objects:  42% (8/19)   Writing objects:  47% (9/19)   Writing objects:  52% (10/19)   Writing objects:  57% (11/19)   Writing objects:  63% (12/19)   Writing objects:  68% (13/19)   Writing objects:  73% (14/19)   Writing objects:  78% (15/19)   Writing objects:  84% (16/19)   Writing objects:  89% (17/19)   Writing objects:  94% (18/19)   Writing objects: 100% (19/19)   Writing objects: 100% (19/19), 2.56 KiB | 436.00 KiB/s, done.
Total 19 (delta 11), reused 0 (delta 0)
remote: Resolving deltas:   0% (0/11)[Kremote: Resolving deltas:   9% (1/11)[Kremote: Resolving deltas:  18% (2/11)[Kremote: Resolving deltas:  27% (3/11)[Kremote: Resolving deltas:  36% (4/11)[Kremote: Resolving deltas:  45% (5/11)[Kremote: Resolving deltas:  54% (6/11)[Kremote: Resolving deltas:  63% (7/11)[Kremote: Resolving deltas:  72% (8/11)[Kremote: Resolving deltas:  81% (9/11)[Kremote: Resolving deltas:  90% (10/11)[Kremote: Resolving deltas: 100% (11/11)[Kremote: Resolving deltas: 100% (11/11), completed with 11 local objects.[K
To https://github.com/AustinAlvarez12/Website.git
   b208ec6..0113d58  master -> master
]0;/stor/home/apa636/Website]0;apa636@educcomp01: ~/Website[01;32mapa636@educcomp01[00m:[01;34m~/Website[00m$ git add .
]0;/stor/home/apa636/Website]0;apa636@educcomp01: ~/Website[01;32mapa636@educcomp01[00m:[01;34m~/Website[00m$ 
]0;/stor/home/apa636/Website]0;apa636@educcomp01: ~/Website[01;32mapa636@educcomp01[00m:[01;34m~/Website[00m$ git commit -m "any message, but you must have a message"
[master cbac77a] any message, but you must have a message
 Committer: Austin Alvarez <apa636@educcomp01.ccbb.utexas.edu>
Your name and email address were configured automatically based
on your username and hostname. Please check that they are accurate.
You can suppress this message by setting them explicitly. Run the
following command and follow the instructions in your editor to edit
your configuration file:

    git config --global --edit

After doing this, you may fix the identity used for this commit with:

    git commit --amend --reset-author

 10 files changed, 42 insertions(+), 10 deletions(-)
 create mode 100644 public/blog/2020-05-13-blog_files/IMG_1267.jpg
 create mode 100644 static/blog/2020-05-13-blog_files/IMG_1267.jpg
]0;/stor/home/apa636/Website]0;apa636@educcomp01: ~/Website[01;32mapa636@educcomp01[00m:[01;34m~/Website[00m$ 
]0;/stor/home/apa636/Website]0;apa636@educcomp01: ~/Website[01;32mapa636@educcomp01[00m:[01;34m~/Website[00m$ git push origin master
Username for 'https://github.com': AustinAlvarez12
Password for 'https://AustinAlvarez12@github.com': 
Counting objects: 23, done.
Delta compression using up to 16 threads.
Compressing objects:   4% (1/22)   Compressing objects:   9% (2/22)   Compressing objects:  13% (3/22)   Compressing objects:  18% (4/22)   Compressing objects:  22% (5/22)   Compressing objects:  27% (6/22)   Compressing objects:  31% (7/22)   Compressing objects:  36% (8/22)   Compressing objects:  40% (9/22)   Compressing objects:  45% (10/22)   Compressing objects:  50% (11/22)   Compressing objects:  54% (12/22)   Compressing objects:  59% (13/22)   Compressing objects:  63% (14/22)   Compressing objects:  68% (15/22)   Compressing objects:  72% (16/22)   Compressing objects:  77% (17/22)   Compressing objects:  81% (18/22)   Compressing objects:  86% (19/22)   Compressing objects:  90% (20/22)   Compressing objects:  95% (21/22)   Compressing objects: 100% (22/22)   Compressing objects: 100% (22/22), done.
Writing objects:   4% (1/23)   Writing objects:   8% (2/23)   Writing objects:  13% (3/23)   Writing objects:  17% (4/23)   Writing objects:  21% (5/23)   Writing objects:  26% (6/23)   Writing objects:  30% (7/23)   Writing objects:  34% (8/23)   Writing objects:  39% (9/23)   Writing objects:  43% (10/23)   Writing objects:  47% (11/23)   Writing objects:  52% (12/23)   Writing objects:  56% (13/23)   Writing objects:  60% (14/23)   Writing objects:  65% (15/23)   Writing objects:  69% (16/23)   Writing objects:  73% (17/23)   Writing objects:  78% (18/23)   Writing objects:  82% (19/23)   Writing objects:  86% (20/23)   Writing objects:  91% (21/23)   Writing objects:  95% (22/23)   Writing objects: 100% (23/23)   Writing objects: 100% (23/23), 108.35 KiB | 5.42 MiB/s, done.
Total 23 (delta 11), reused 0 (delta 0)
remote: Resolving deltas:   0% (0/11)[Kremote: Resolving deltas:   9% (1/11)[Kremote: Resolving deltas:  18% (2/11)[Kremote: Resolving deltas:  27% (3/11)[Kremote: Resolving deltas:  36% (4/11)[Kremote: Resolving deltas:  45% (5/11)[Kremote: Resolving deltas:  54% (6/11)[Kremote: Resolving deltas:  63% (7/11)[Kremote: Resolving deltas:  72% (8/11)[Kremote: Resolving deltas:  81% (9/11)[Kremote: Resolving deltas:  90% (10/11)[Kremote: Resolving deltas: 100% (11/11)[Kremote: Resolving deltas: 100% (11/11), completed with 11 local objects.[K
To https://github.com/AustinAlvarez12/Website.git
   0113d58..cbac77a  master -> master
]0;/stor/home/apa636/Website]0;apa636@educcomp01: ~/Website[01;32mapa636@educcomp01[00m:[01;34m~/Website[00m$ git add .
]0;/stor/home/apa636/Website]0;apa636@educcomp01: ~/Website[01;32mapa636@educcomp01[00m:[01;34m~/Website[00m$ 
]0;/stor/home/apa636/Website]0;apa636@educcomp01: ~/Website[01;32mapa636@educcomp01[00m:[01;34m~/Website[00m$ git commit -m "any message, but you must have a message"
[master f32d355] any message, but you must have a message
 Committer: Austin Alvarez <apa636@educcomp01.ccbb.utexas.edu>
Your name and email address were configured automatically based
on your username and hostname. Please check that they are accurate.
You can suppress this message by setting them explicitly. Run the
following command and follow the instructions in your editor to edit
your configuration file:

    git config --global --edit

After doing this, you may fix the identity used for this commit with:

    git commit --amend --reset-author

 10 files changed, 142 insertions(+), 56 deletions(-)
]0;/stor/home/apa636/Website]0;apa636@educcomp01: ~/Website[01;32mapa636@educcomp01[00m:[01;34m~/Website[00m$ 
]0;/stor/home/apa636/Website]0;apa636@educcomp01: ~/Website[01;32mapa636@educcomp01[00m:[01;34m~/Website[00m$ git push origin master
Username for 'https://github.com': AustinAlvarez12
Password for 'https://AustinAlvarez12@github.com': 
Counting objects: 21, done.
Delta compression using up to 16 threads.
Compressing objects:   5% (1/20)   Compressing objects:  10% (2/20)   Compressing objects:  15% (3/20)   Compressing objects:  20% (4/20)   Compressing objects:  25% (5/20)   Compressing objects:  30% (6/20)   Compressing objects:  35% (7/20)   Compressing objects:  40% (8/20)   Compressing objects:  45% (9/20)   Compressing objects:  50% (10/20)   Compressing objects:  55% (11/20)   Compressing objects:  60% (12/20)   Compressing objects:  65% (13/20)   Compressing objects:  70% (14/20)   Compressing objects:  75% (15/20)   Compressing objects:  80% (16/20)   Compressing objects:  85% (17/20)   Compressing objects:  90% (18/20)   Compressing objects:  95% (19/20)   Compressing objects: 100% (20/20)   Compressing objects: 100% (20/20), done.
Writing objects:   4% (1/21)   Writing objects:   9% (2/21)   Writing objects:  14% (3/21)   Writing objects:  19% (4/21)   Writing objects:  23% (5/21)   Writing objects:  28% (6/21)   Writing objects:  33% (7/21)   Writing objects:  38% (8/21)   Writing objects:  42% (9/21)   Writing objects:  47% (10/21)   Writing objects:  52% (11/21)   Writing objects:  57% (12/21)   Writing objects:  61% (13/21)   Writing objects:  66% (14/21)   Writing objects:  76% (16/21)   Writing objects:  80% (17/21)   Writing objects:  85% (18/21)   Writing objects:  90% (19/21)   Writing objects:  95% (20/21)   Writing objects: 100% (21/21)   Writing objects: 100% (21/21), 2.42 KiB | 825.00 KiB/s, done.
Total 21 (delta 13), reused 0 (delta 0)
remote: Resolving deltas:   0% (0/13)[Kremote: Resolving deltas:   7% (1/13)[Kremote: Resolving deltas:  15% (2/13)[Kremote: Resolving deltas:  23% (3/13)[Kremote: Resolving deltas:  30% (4/13)[Kremote: Resolving deltas:  38% (5/13)[Kremote: Resolving deltas:  46% (6/13)[Kremote: Resolving deltas:  53% (7/13)[Kremote: Resolving deltas:  69% (9/13)[Kremote: Resolving deltas:  76% (10/13)[Kremote: Resolving deltas:  84% (11/13)[Kremote: Resolving deltas:  92% (12/13)[Kremote: Resolving deltas: 100% (13/13)[Kremote: Resolving deltas: 100% (13/13), completed with 12 local objects.[K
To https://github.com/AustinAlvarez12/Website.git
   cbac77a..f32d355  master -> master
git add .
